2026-09-14T19:55:35.340Z [DEBUG] hooks module witness loaded (worker, environment 1, tier user); events: prompt.submit,turn.complete,plugin.register,ui.render
2026-09-14T19:55:35.383Z [DEBUG] plugin.register: witness (user, witness@inline), judged by core alone: admitted
2026-09-14T19:55:35.387Z [DEBUG] [witness] $.ui.log: [witness 19:55:35.386] plugin.register name=aside tier=user provenance=aside@inline uses={"events":["session.start","command.run","turn.complete","ui.render","ui.input","ui.press"],"calls":["clock.now","command.register","model.complete","model.fork","session.messages","ui.close","ui.invalidate","ui.open","ui.resolve"]}
2026-09-14T19:55:35.394Z [DEBUG] hooks module witness plugin.register settled in 10.1ms (worker hop, next() included)
2026-09-14T19:55:35.394Z [DEBUG] plugin.register: aside (user, aside@inline), judged by witness: admitted
2026-09-14T19:55:47.821Z [DEBUG] [witness] $.ui.log: [witness 19:55:47.821] prompt.submit origin={"kind":"composer"} text="What is 3+4? Reply with the number only, no tools."
2026-09-14T19:55:47.879Z [DEBUG] [API REQUEST] /v1/messages x-client-request-id=e51c1976-557d-4ec3-b25e-1aa7abe50a89 source=repl_main_thread
2026-09-14T19:55:49.212Z [DEBUG] [witness] $.ui.log: [witness 19:55:49.211] turn.complete messages n=3 [["user","What is 3+4? Reply with the number only, no tools."],["assistant",""],["assistant","7"]]
2026-09-14T19:55:55.909Z [DEBUG] [witness] $.ui.log: [witness 19:55:55.892] Pane render id=aside focused=true placement=dock
2026-09-14T19:55:55.913Z [DEBUG] [API REQUEST] /v1/messages x-client-request-id=79acba13-31f9-439e-8040-3680f90a11fc source=hook_prompt
2026-09-14T19:55:55.929Z [DEBUG] [witness] $.ui.log: [witness 19:55:55.924] Pane render id=aside focused=true placement=dock
2026-09-14T19:55:57.070Z [DEBUG] Forked agent [plugin_model_fork] finished: 2 messages, types=[assistant, assistant], totalUsage: input=68 output=92 cacheRead=27731 cacheCreate=0
2026-09-14T19:55:57.070Z [DEBUG] $.model.fork (aside): 1171ms, 1 replies
2026-09-14T19:55:57.075Z [DEBUG] [witness] $.ui.log: [witness 19:55:57.075] Pane render id=aside focused=true placement=dock
2026-09-14T19:56:01.832Z [DEBUG] ui.input aside/q (change) in Pane from terminal: settled in 14.5ms
2026-09-14T19:56:03.841Z [DEBUG] ui.input aside/q (submit) in Pane from terminal: settled in 10.7ms
2026-09-14T19:56:03.843Z [DEBUG] [API REQUEST] /v1/messages x-client-request-id=1912368b-5170-47c2-a675-1a0d037f063a source=hook_prompt
2026-09-14T19:56:03.849Z [DEBUG] [witness] $.ui.log: [witness 19:56:03.848] Pane render id=aside focused=true placement=dock
2026-09-14T19:56:04.959Z [DEBUG] Forked agent [plugin_model_fork] finished: 2 messages, types=[assistant, assistant], totalUsage: input=112 output=62 cacheRead=27731 cacheCreate=0
2026-09-14T19:56:04.960Z [DEBUG] $.model.fork (aside): 1128ms, 1 replies
2026-09-14T19:56:04.965Z [DEBUG] [witness] $.ui.log: [witness 19:56:04.964] Pane render id=aside focused=true placement=dock
2026-09-14T19:56:10.864Z [DEBUG] [witness] $.ui.log: [witness 19:56:10.858] Pane render id=aside focused=false placement=dock
2026-09-14T19:56:14.838Z [DEBUG] [witness] $.ui.log: [witness 19:56:14.812] prompt.submit origin={"kind":"composer"} text="Count from 1 to 1500, one number per line, no other text, no tools."
2026-09-14T19:56:14.866Z [DEBUG] [API REQUEST] /v1/messages x-client-request-id=c98f5d63-dafb-47e6-adb4-c26f67aceb6e source=repl_main_thread
2026-09-14T19:56:21.135Z [DEBUG] [witness] $.ui.log: [witness 19:56:21.134] Pane render id=aside focused=true placement=dock
2026-09-14T19:56:23.345Z [DEBUG] ui.input aside/q (change) in Pane from terminal: settled in 4.8ms
2026-09-14T19:56:24.799Z [DEBUG] ui.input aside/q (submit) in Pane from terminal: settled in 9.7ms
2026-09-14T19:56:24.802Z [DEBUG] [API REQUEST] /v1/messages x-client-request-id=03d37d56-07d8-4cb4-b28f-484077a7f359 source=hook_prompt
2026-09-14T19:56:24.809Z [DEBUG] [witness] $.ui.log: [witness 19:56:24.808] Pane render id=aside focused=true placement=dock
2026-09-14T19:56:27.416Z [DEBUG] [witness] $.ui.log: [witness 19:56:27.403] turn.complete messages n=6 [["user","What is 3+4? Reply with the number only, no tools."],["assistant",""],["assistant","7"],["user","Count from 1 to 1500, one number per line, no other text, no tools."],["assistant",""],["assistant","1\n2\n3\n4\n5\n6\n7\n8\n9\n10\n11\n12\n13\n14\n15\n16\n17\n18\n19\n20\n21\n22\n23\n24\n25\n26\n2"]]
2026-09-14T19:56:27.863Z [DEBUG] Forked agent [plugin_model_fork] finished: 2 messages, types=[assistant, assistant], totalUsage: input=129 output=316 cacheRead=27731 cacheCreate=0
2026-09-14T19:56:27.863Z [DEBUG] $.model.fork (aside): 3072ms, 1 replies
2026-09-14T19:56:27.868Z [DEBUG] [witness] $.ui.log: [witness 19:56:27.868] Pane render id=aside focused=true placement=dock
2026-09-14T19:56:30.861Z [DEBUG] [witness] $.ui.log: [witness 19:56:30.855] Pane render id=aside focused=false placement=dock
